[     996ms] [INFO] %cDownload the React DevTools for a better development experience: https://react.dev/link/react-devtools font-weight:bold @ http://localhost:3000/_next/static/chunks/node_modules_next_dist_1ybzpk2._.js:2477
[    1045ms] [LOG] [HMR] connected @ http://localhost:3000/_next/static/chunks/node_modules_next_dist_1ybzpk2._.js:2477
[   48928ms] [LOG] [Fast Refresh] rebuilding @ http://localhost:3000/_next/static/chunks/node_modules_next_dist_1ybzpk2._.js:2477
[   48965ms] [LOG] [Fast Refresh] done in 143ms @ http://localhost:3000/_next/static/chunks/node_modules_next_dist_1ybzpk2._.js:2477
[  959179ms] [ERROR] WebSocket connection to 'wss://gtqsjkwpdvbrbtelweia.supabase.co/realtime/v1/websocket?apikey=sb_publishable_LJuUhPGK5vnRLFBWgYnHMg_ooBVYSE1&vsn=2.0.0' failed: Error in connection establishment: net::ERR_CONNECTION_TIMED_OUT @ http://localhost:3000/_next/static/chunks/node_modules_1vboubi._.js:5423
[ 1206697ms] [ERROR] WebSocket connection to 'wss://gtqsjkwpdvbrbtelweia.supabase.co/realtime/v1/websocket?apikey=sb_publishable_LJuUhPGK5vnRLFBWgYnHMg_ooBVYSE1&vsn=2.0.0' failed: Error in connection establishment: net::ERR_INTERNET_DISCONNECTED @ http://localhost:3000/_next/static/chunks/node_modules_1vboubi._.js:5423
[ 1208711ms] [ERROR] WebSocket connection to 'wss://gtqsjkwpdvbrbtelweia.supabase.co/realtime/v1/websocket?apikey=sb_publishable_LJuUhPGK5vnRLFBWgYnHMg_ooBVYSE1&vsn=2.0.0' failed: Error in connection establishment: net::ERR_INTERNET_DISCONNECTED @ http://localhost:3000/_next/static/chunks/node_modules_1vboubi._.js:5423
[ 1213732ms] [ERROR] WebSocket connection to 'wss://gtqsjkwpdvbrbtelweia.supabase.co/realtime/v1/websocket?apikey=sb_publishable_LJuUhPGK5vnRLFBWgYnHMg_ooBVYSE1&vsn=2.0.0' failed: Error in connection establishment: net::ERR_INTERNET_DISCONNECTED @ http://localhost:3000/_next/static/chunks/node_modules_1vboubi._.js:5423
[ 1223744ms] [ERROR] WebSocket connection to 'wss://gtqsjkwpdvbrbtelweia.supabase.co/realtime/v1/websocket?apikey=sb_publishable_LJuUhPGK5vnRLFBWgYnHMg_ooBVYSE1&vsn=2.0.0' failed: Error in connection establishment: net::ERR_INTERNET_DISCONNECTED @ http://localhost:3000/_next/static/chunks/node_modules_1vboubi._.js:5423
[ 1233757ms] [ERROR] WebSocket connection to 'wss://gtqsjkwpdvbrbtelweia.supabase.co/realtime/v1/websocket?apikey=sb_publishable_LJuUhPGK5vnRLFBWgYnHMg_ooBVYSE1&vsn=2.0.0' failed: Error in connection establishment: net::ERR_INTERNET_DISCONNECTED @ http://localhost:3000/_next/static/chunks/node_modules_1vboubi._.js:5423
[ 1243775ms] [ERROR] WebSocket connection to 'wss://gtqsjkwpdvbrbtelweia.supabase.co/realtime/v1/websocket?apikey=sb_publishable_LJuUhPGK5vnRLFBWgYnHMg_ooBVYSE1&vsn=2.0.0' failed: Error in connection establishment: net::ERR_INTERNET_DISCONNECTED @ http://localhost:3000/_next/static/chunks/node_modules_1vboubi._.js:5423
[ 1253793ms] [ERROR] WebSocket connection to 'wss://gtqsjkwpdvbrbtelweia.supabase.co/realtime/v1/websocket?apikey=sb_publishable_LJuUhPGK5vnRLFBWgYnHMg_ooBVYSE1&vsn=2.0.0' failed: Error in connection establishment: net::ERR_INTERNET_DISCONNECTED @ http://localhost:3000/_next/static/chunks/node_modules_1vboubi._.js:5423
[ 1263816ms] [ERROR] WebSocket connection to 'wss://gtqsjkwpdvbrbtelweia.supabase.co/realtime/v1/websocket?apikey=sb_publishable_LJuUhPGK5vnRLFBWgYnHMg_ooBVYSE1&vsn=2.0.0' failed: Error in connection establishment: net::ERR_INTERNET_DISCONNECTED @ http://localhost:3000/_next/static/chunks/node_modules_1vboubi._.js:5423
[ 1273838ms] [ERROR] WebSocket connection to 'wss://gtqsjkwpdvbrbtelweia.supabase.co/realtime/v1/websocket?apikey=sb_publishable_LJuUhPGK5vnRLFBWgYnHMg_ooBVYSE1&vsn=2.0.0' failed: Error in connection establishment: net::ERR_INTERNET_DISCONNECTED @ http://localhost:3000/_next/static/chunks/node_modules_1vboubi._.js:5423
[ 1283897ms] [ERROR] WebSocket connection to 'wss://gtqsjkwpdvbrbtelweia.supabase.co/realtime/v1/websocket?apikey=sb_publishable_LJuUhPGK5vnRLFBWgYnHMg_ooBVYSE1&vsn=2.0.0' failed: Error in connection establishment: net::ERR_INTERNET_DISCONNECTED @ http://localhost:3000/_next/static/chunks/node_modules_1vboubi._.js:5423
[ 1831504ms] [LOG] [Fast Refresh] rebuilding @ http://localhost:3000/_next/static/chunks/node_modules_next_dist_1ybzpk2._.js:2477
[ 1831545ms] [LOG] [Fast Refresh] done in 148ms @ http://localhost:3000/_next/static/chunks/node_modules_next_dist_1ybzpk2._.js:2477
[ 1833237ms] [LOG] [Fast Refresh] rebuilding @ http://localhost:3000/_next/static/chunks/node_modules_next_dist_1ybzpk2._.js:2477
[ 1833252ms] [LOG] [Fast Refresh] done in 118ms @ http://localhost:3000/_next/static/chunks/node_modules_next_dist_1ybzpk2._.js:2477
[ 5008432ms] [LOG] [Fast Refresh] rebuilding @ http://localhost:3000/_next/static/chunks/node_modules_next_dist_1ybzpk2._.js:2477
[ 5008494ms] [LOG] [Fast Refresh] done in 167ms @ http://localhost:3000/_next/static/chunks/node_modules_next_dist_1ybzpk2._.js:2477
[ 5009489ms] [INFO] %cDownload the React DevTools for a better development experience: https://react.dev/link/react-devtools font-weight:bold @ http://localhost:3000/_next/static/chunks/node_modules_next_dist_1ybzpk2._.js:2477
[ 5009520ms] [LOG] [HMR] connected @ http://localhost:3000/_next/static/chunks/node_modules_next_dist_1ybzpk2._.js:2477
[ 5011190ms] [INFO] %cDownload the React DevTools for a better development experience: https://react.dev/link/react-devtools font-weight:bold @ http://localhost:3000/_next/static/chunks/node_modules_next_dist_1ybzpk2._.js:2477
[ 5011211ms] [LOG] [HMR] connected @ http://localhost:3000/_next/static/chunks/node_modules_next_dist_1ybzpk2._.js:2477
