[    1013ms] [INFO] %cDownload the React DevTools for a better development experience: https://react.dev/link/react-devtools font-weight:bold @ http://localhost:3000/_next/static/chunks/node_modules_next_dist_1ybzpk2._.js:2477
[    1079ms] [LOG] [HMR] connected @ http://localhost:3000/_next/static/chunks/node_modules_next_dist_1ybzpk2._.js:2477
[   30554ms] [LOG] [Fast Refresh] rebuilding @ http://localhost:3000/_next/static/chunks/node_modules_next_dist_1ybzpk2._.js:2477
[   30629ms] [LOG] [Fast Refresh] done in 177ms @ http://localhost:3000/_next/static/chunks/node_modules_next_dist_1ybzpk2._.js:2477
[   30773ms] [LOG] [Fast Refresh] rebuilding @ http://localhost:3000/_next/static/chunks/node_modules_next_dist_1ybzpk2._.js:2477
[   30817ms] [LOG] [Fast Refresh] done in 145ms @ http://localhost:3000/_next/static/chunks/node_modules_next_dist_1ybzpk2._.js:2477
[   36350ms] [LOG] [Fast Refresh] rebuilding @ http://localhost:3000/_next/static/chunks/node_modules_next_dist_1ybzpk2._.js:2477
[   36366ms] [LOG] [Fast Refresh] done in 118ms @ http://localhost:3000/_next/static/chunks/node_modules_next_dist_1ybzpk2._.js:2477
[   57514ms] [LOG] [Fast Refresh] rebuilding @ http://localhost:3000/_next/static/chunks/node_modules_next_dist_1ybzpk2._.js:2477
[   58934ms] [LOG] [Fast Refresh] done in 1511ms @ http://localhost:3000/_next/static/chunks/node_modules_next_dist_1ybzpk2._.js:2477
[   73326ms] [LOG] [Fast Refresh] rebuilding @ http://localhost:3000/_next/static/chunks/node_modules_next_dist_1ybzpk2._.js:2477
[   73548ms] [LOG] [Fast Refresh] done in 247ms @ http://localhost:3000/_next/static/chunks/node_modules_next_dist_1ybzpk2._.js:2477
[   92442ms] [LOG] [Fast Refresh] rebuilding @ http://localhost:3000/_next/static/chunks/node_modules_next_dist_1ybzpk2._.js:2477
[   92619ms] [LOG] [Fast Refresh] done in 250ms @ http://localhost:3000/_next/static/chunks/node_modules_next_dist_1ybzpk2._.js:2477
[  108138ms] [LOG] [Fast Refresh] rebuilding @ http://localhost:3000/_next/static/chunks/node_modules_next_dist_1ybzpk2._.js:2477
[  108139ms] [LOG] [Fast Refresh] done in 102ms @ http://localhost:3000/_next/static/chunks/node_modules_next_dist_1ybzpk2._.js:2477
[  117826ms] [LOG] [Fast Refresh] rebuilding @ http://localhost:3000/_next/static/chunks/node_modules_next_dist_1ybzpk2._.js:2477
[  117907ms] [LOG] [Fast Refresh] done in 183ms @ http://localhost:3000/_next/static/chunks/node_modules_next_dist_1ybzpk2._.js:2477
[  125313ms] [LOG] [Fast Refresh] rebuilding @ http://localhost:3000/_next/static/chunks/node_modules_next_dist_1ybzpk2._.js:2477
[  125445ms] [LOG] [Fast Refresh] done in 235ms @ http://localhost:3000/_next/static/chunks/node_modules_next_dist_1ybzpk2._.js:2477
[  214550ms] [LOG] [Fast Refresh] rebuilding @ http://localhost:3000/_next/static/chunks/node_modules_next_dist_1ybzpk2._.js:2477
[  214596ms] [LOG] [Fast Refresh] done in 147ms @ http://localhost:3000/_next/static/chunks/node_modules_next_dist_1ybzpk2._.js:2477
[  236346ms] [LOG] [Fast Refresh] rebuilding @ http://localhost:3000/_next/static/chunks/node_modules_next_dist_1ybzpk2._.js:2477
[  236386ms] [LOG] [Fast Refresh] done in 142ms @ http://localhost:3000/_next/static/chunks/node_modules_next_dist_1ybzpk2._.js:2477
[  717995ms] [LOG] [Fast Refresh] rebuilding @ http://localhost:3000/_next/static/chunks/node_modules_next_dist_1ybzpk2._.js:2477
[  719149ms] [LOG] [Fast Refresh] done in 1263ms @ http://localhost:3000/_next/static/chunks/node_modules_next_dist_1ybzpk2._.js:2477
[  722705ms] [LOG] [Fast Refresh] rebuilding @ http://localhost:3000/_next/static/chunks/node_modules_next_dist_1ybzpk2._.js:2477
[  723956ms] [LOG] [Fast Refresh] done in 1299ms @ http://localhost:3000/_next/static/chunks/node_modules_next_dist_1ybzpk2._.js:2477
[  733185ms] [LOG] [Fast Refresh] rebuilding @ http://localhost:3000/_next/static/chunks/node_modules_next_dist_1ybzpk2._.js:2477
[  734706ms] [LOG] [Fast Refresh] done in 1563ms @ http://localhost:3000/_next/static/chunks/node_modules_next_dist_1ybzpk2._.js:2477
[  735773ms] [LOG] [Fast Refresh] rebuilding @ http://localhost:3000/_next/static/chunks/node_modules_next_dist_1ybzpk2._.js:2477
[  735966ms] [LOG] [Fast Refresh] done in 295ms @ http://localhost:3000/_next/static/chunks/node_modules_next_dist_1ybzpk2._.js:2477
[  737565ms] [LOG] [Fast Refresh] rebuilding @ http://localhost:3000/_next/static/chunks/node_modules_next_dist_1ybzpk2._.js:2477
[  737764ms] [LOG] [Fast Refresh] done in 286ms @ http://localhost:3000/_next/static/chunks/node_modules_next_dist_1ybzpk2._.js:2477
[  743488ms] [LOG] [Fast Refresh] rebuilding @ http://localhost:3000/_next/static/chunks/node_modules_next_dist_1ybzpk2._.js:2477
[  744785ms] [LOG] [Fast Refresh] done in 1371ms @ http://localhost:3000/_next/static/chunks/node_modules_next_dist_1ybzpk2._.js:2477
[  751534ms] [LOG] [Fast Refresh] rebuilding @ http://localhost:3000/_next/static/chunks/node_modules_next_dist_1ybzpk2._.js:2477
[  751952ms] [LOG] [Fast Refresh] done in 147ms @ http://localhost:3000/_next/static/chunks/node_modules_next_dist_1ybzpk2._.js:2477
[  755186ms] [LOG] [Fast Refresh] rebuilding @ http://localhost:3000/_next/static/chunks/node_modules_next_dist_1ybzpk2._.js:2477
[  755216ms] [LOG] [Fast Refresh] done in 92ms @ http://localhost:3000/_next/static/chunks/node_modules_next_dist_1ybzpk2._.js:2477
[  758677ms] [LOG] [Fast Refresh] rebuilding @ http://localhost:3000/_next/static/chunks/node_modules_next_dist_1ybzpk2._.js:2477
[  758704ms] [LOG] [Fast Refresh] done in 74ms @ http://localhost:3000/_next/static/chunks/node_modules_next_dist_1ybzpk2._.js:2477
[  762573ms] [LOG] [Fast Refresh] rebuilding @ http://localhost:3000/_next/static/chunks/node_modules_next_dist_1ybzpk2._.js:2477
[  762678ms] [LOG] [Fast Refresh] done in 146ms @ http://localhost:3000/_next/static/chunks/node_modules_next_dist_1ybzpk2._.js:2477
[  777509ms] [LOG] [Fast Refresh] rebuilding @ http://localhost:3000/_next/static/chunks/node_modules_next_dist_1ybzpk2._.js:2477
[  777684ms] [LOG] [Fast Refresh] done in 277ms @ http://localhost:3000/_next/static/chunks/node_modules_next_dist_1ybzpk2._.js:2477
[  784899ms] [LOG] [Fast Refresh] rebuilding @ http://localhost:3000/_next/static/chunks/node_modules_next_dist_1ybzpk2._.js:2477
[  784911ms] [LOG] [Fast Refresh] done in 92ms @ http://localhost:3000/_next/static/chunks/node_modules_next_dist_1ybzpk2._.js:2477
[  790302ms] [LOG] [Fast Refresh] rebuilding @ http://localhost:3000/_next/static/chunks/node_modules_next_dist_1ybzpk2._.js:2477
[  790488ms] [LOG] [Fast Refresh] done in 286ms @ http://localhost:3000/_next/static/chunks/node_modules_next_dist_1ybzpk2._.js:2477
[  794620ms] [LOG] [Fast Refresh] rebuilding @ http://localhost:3000/_next/static/chunks/node_modules_next_dist_1ybzpk2._.js:2477
[  794881ms] [LOG] [Fast Refresh] done in 362ms @ http://localhost:3000/_next/static/chunks/node_modules_next_dist_1ybzpk2._.js:2477
[  803409ms] [LOG] [Fast Refresh] rebuilding @ http://localhost:3000/_next/static/chunks/node_modules_next_dist_1ybzpk2._.js:2477
[  803535ms] [LOG] [Fast Refresh] done in 230ms @ http://localhost:3000/_next/static/chunks/node_modules_next_dist_1ybzpk2._.js:2477
[  816830ms] [LOG] [Fast Refresh] rebuilding @ http://localhost:3000/_next/static/chunks/node_modules_next_dist_1ybzpk2._.js:2477
[  816883ms] [LOG] [Fast Refresh] done in 156ms @ http://localhost:3000/_next/static/chunks/node_modules_next_dist_1ybzpk2._.js:2477
[ 1111622ms] [LOG] [Fast Refresh] rebuilding @ http://localhost:3000/_next/static/chunks/node_modules_next_dist_1ybzpk2._.js:2477
[ 1111681ms] [LOG] [Fast Refresh] done in 161ms @ http://localhost:3000/_next/static/chunks/node_modules_next_dist_1ybzpk2._.js:2477
[ 1118433ms] [LOG] [Fast Refresh] rebuilding @ http://localhost:3000/_next/static/chunks/node_modules_next_dist_1ybzpk2._.js:2477
[ 1119690ms] [LOG] [Fast Refresh] done in 1359ms @ http://localhost:3000/_next/static/chunks/node_modules_next_dist_1ybzpk2._.js:2477
[ 1290078ms] [ERROR] WebSocket connection to 'wss://gtqsjkwpdvbrbtelweia.supabase.co/realtime/v1/websocket?apikey=sb_publishable_LJuUhPGK5vnRLFBWgYnHMg_ooBVYSE1&vsn=2.0.0' failed:  @ http://localhost:3000/_next/static/chunks/node_modules_1vboubi._.js:5423
[ 1290082ms] [ERROR] WebSocket connection to 'ws://localhost:3000/_next/webpack-hmr?id=3Kx1C5E-_Gu9t7kLhmiGr' failed:  @ http://localhost:3000/_next/static/chunks/node_modules_next_dist_client_0r5nbpw._.js:13422
[ 1292003ms] [ERROR] WebSocket connection to 'ws://localhost:3000/_next/webpack-hmr?id=3Kx1C5E-_Gu9t7kLhmiGr' failed: Error in connection establishment: net::ERR_CONNECTION_REFUSED @ http://localhost:3000/_next/static/chunks/node_modules_next_dist_client_0r5nbpw._.js:13422
[ 1293008ms] [ERROR] WebSocket connection to 'ws://localhost:3000/_next/webpack-hmr?id=3Kx1C5E-_Gu9t7kLhmiGr' failed: Error in connection establishment: net::ERR_CONNECTION_REFUSED @ http://localhost:3000/_next/static/chunks/node_modules_next_dist_client_0r5nbpw._.js:13422
[ 1294021ms] [ERROR] WebSocket connection to 'ws://localhost:3000/_next/webpack-hmr?id=3Kx1C5E-_Gu9t7kLhmiGr' failed: Error in connection establishment: net::ERR_CONNECTION_REFUSED @ http://localhost:3000/_next/static/chunks/node_modules_next_dist_client_0r5nbpw._.js:13422
[ 1295029ms] [ERROR] WebSocket connection to 'ws://localhost:3000/_next/webpack-hmr?id=3Kx1C5E-_Gu9t7kLhmiGr' failed: Error in connection establishment: net::ERR_CONNECTION_REFUSED @ http://localhost:3000/_next/static/chunks/node_modules_next_dist_client_0r5nbpw._.js:13422
[ 1296039ms] [ERROR] WebSocket connection to 'ws://localhost:3000/_next/webpack-hmr?id=3Kx1C5E-_Gu9t7kLhmiGr' failed: Error in connection establishment: net::ERR_CONNECTION_REFUSED @ http://localhost:3000/_next/static/chunks/node_modules_next_dist_client_0r5nbpw._.js:13422
[ 1301049ms] [ERROR] WebSocket connection to 'ws://localhost:3000/_next/webpack-hmr?id=3Kx1C5E-_Gu9t7kLhmiGr' failed: Error in connection establishment: net::ERR_CONNECTION_REFUSED @ http://localhost:3000/_next/static/chunks/node_modules_next_dist_client_0r5nbpw._.js:13422
[ 1306711ms] [LOG] [HMR] connected @ http://localhost:3000/_next/static/chunks/node_modules_next_dist_1ybzpk2._.js:2477
[ 1308995ms] [INFO] %cDownload the React DevTools for a better development experience: https://react.dev/link/react-devtools font-weight:bold @ http://localhost:3000/_next/static/chunks/node_modules_next_dist_1ybzpk2._.js:2477
[ 1309113ms] [LOG] [HMR] connected @ http://localhost:3000/_next/static/chunks/node_modules_next_dist_1ybzpk2._.js:2477
[ 1318691ms] [LOG] [Fast Refresh] rebuilding @ http://localhost:3000/_next/static/chunks/node_modules_next_dist_1ybzpk2._.js:2477
[ 1318713ms] [LOG] [Fast Refresh] done in 123ms @ http://localhost:3000/_next/static/chunks/node_modules_next_dist_1ybzpk2._.js:2477
[ 1318830ms] [LOG] [Fast Refresh] rebuilding @ http://localhost:3000/_next/static/chunks/node_modules_next_dist_1ybzpk2._.js:2477
[ 1318831ms] [LOG] [Fast Refresh] done in 102ms @ http://localhost:3000/_next/static/chunks/node_modules_next_dist_1ybzpk2._.js:2477
[ 1324204ms] [LOG] [Fast Refresh] rebuilding @ http://localhost:3000/_next/static/chunks/node_modules_next_dist_1ybzpk2._.js:2477
[ 1324215ms] [LOG] [Fast Refresh] done in 112ms @ http://localhost:3000/_next/static/chunks/node_modules_next_dist_1ybzpk2._.js:2477
[ 1637844ms] [LOG] [Fast Refresh] rebuilding @ http://localhost:3000/_next/static/chunks/node_modules_next_dist_1ybzpk2._.js:2477
[ 1637901ms] [LOG] [Fast Refresh] done in 159ms @ http://localhost:3000/_next/static/chunks/node_modules_next_dist_1ybzpk2._.js:2477
[ 1799410ms] [LOG] [Fast Refresh] rebuilding @ http://localhost:3000/_next/static/chunks/node_modules_next_dist_1ybzpk2._.js:2477
[ 1799517ms] [LOG] [Fast Refresh] done in 212ms @ http://localhost:3000/_next/static/chunks/node_modules_next_dist_1ybzpk2._.js:2477
[ 2542313ms] [ERROR] WebSocket connection to 'wss://gtqsjkwpdvbrbtelweia.supabase.co/realtime/v1/websocket?apikey=sb_publishable_LJuUhPGK5vnRLFBWgYnHMg_ooBVYSE1&vsn=2.0.0' failed: Error in connection establishment: net::ERR_INTERNET_DISCONNECTED @ http://localhost:3000/_next/static/chunks/node_modules_1vboubi._.js:5423
[ 2544335ms] [ERROR] WebSocket connection to 'wss://gtqsjkwpdvbrbtelweia.supabase.co/realtime/v1/websocket?apikey=sb_publishable_LJuUhPGK5vnRLFBWgYnHMg_ooBVYSE1&vsn=2.0.0' failed: Error in connection establishment: net::ERR_INTERNET_DISCONNECTED @ http://localhost:3000/_next/static/chunks/node_modules_1vboubi._.js:5423
[ 2549344ms] [ERROR] WebSocket connection to 'wss://gtqsjkwpdvbrbtelweia.supabase.co/realtime/v1/websocket?apikey=sb_publishable_LJuUhPGK5vnRLFBWgYnHMg_ooBVYSE1&vsn=2.0.0' failed: Error in connection establishment: net::ERR_INTERNET_DISCONNECTED @ http://localhost:3000/_next/static/chunks/node_modules_1vboubi._.js:5423
[ 2559357ms] [ERROR] WebSocket connection to 'wss://gtqsjkwpdvbrbtelweia.supabase.co/realtime/v1/websocket?apikey=sb_publishable_LJuUhPGK5vnRLFBWgYnHMg_ooBVYSE1&vsn=2.0.0' failed: Error in connection establishment: net::ERR_INTERNET_DISCONNECTED @ http://localhost:3000/_next/static/chunks/node_modules_1vboubi._.js:5423
[ 2569373ms] [ERROR] WebSocket connection to 'wss://gtqsjkwpdvbrbtelweia.supabase.co/realtime/v1/websocket?apikey=sb_publishable_LJuUhPGK5vnRLFBWgYnHMg_ooBVYSE1&vsn=2.0.0' failed: Error in connection establishment: net::ERR_INTERNET_DISCONNECTED @ http://localhost:3000/_next/static/chunks/node_modules_1vboubi._.js:5423
[ 2579390ms] [ERROR] WebSocket connection to 'wss://gtqsjkwpdvbrbtelweia.supabase.co/realtime/v1/websocket?apikey=sb_publishable_LJuUhPGK5vnRLFBWgYnHMg_ooBVYSE1&vsn=2.0.0' failed: Error in connection establishment: net::ERR_INTERNET_DISCONNECTED @ http://localhost:3000/_next/static/chunks/node_modules_1vboubi._.js:5423
[ 2589404ms] [ERROR] WebSocket connection to 'wss://gtqsjkwpdvbrbtelweia.supabase.co/realtime/v1/websocket?apikey=sb_publishable_LJuUhPGK5vnRLFBWgYnHMg_ooBVYSE1&vsn=2.0.0' failed: Error in connection establishment: net::ERR_INTERNET_DISCONNECTED @ http://localhost:3000/_next/static/chunks/node_modules_1vboubi._.js:5423
[ 2599414ms] [ERROR] WebSocket connection to 'wss://gtqsjkwpdvbrbtelweia.supabase.co/realtime/v1/websocket?apikey=sb_publishable_LJuUhPGK5vnRLFBWgYnHMg_ooBVYSE1&vsn=2.0.0' failed: Error in connection establishment: net::ERR_INTERNET_DISCONNECTED @ http://localhost:3000/_next/static/chunks/node_modules_1vboubi._.js:5423
[ 2609421ms] [ERROR] WebSocket connection to 'wss://gtqsjkwpdvbrbtelweia.supabase.co/realtime/v1/websocket?apikey=sb_publishable_LJuUhPGK5vnRLFBWgYnHMg_ooBVYSE1&vsn=2.0.0' failed: Error in connection establishment: net::ERR_INTERNET_DISCONNECTED @ http://localhost:3000/_next/static/chunks/node_modules_1vboubi._.js:5423
[ 2619433ms] [ERROR] WebSocket connection to 'wss://gtqsjkwpdvbrbtelweia.supabase.co/realtime/v1/websocket?apikey=sb_publishable_LJuUhPGK5vnRLFBWgYnHMg_ooBVYSE1&vsn=2.0.0' failed: Error in connection establishment: net::ERR_INTERNET_DISCONNECTED @ http://localhost:3000/_next/static/chunks/node_modules_1vboubi._.js:5423
[ 2629441ms] [ERROR] WebSocket connection to 'wss://gtqsjkwpdvbrbtelweia.supabase.co/realtime/v1/websocket?apikey=sb_publishable_LJuUhPGK5vnRLFBWgYnHMg_ooBVYSE1&vsn=2.0.0' failed: Error in connection establishment: net::ERR_INTERNET_DISCONNECTED @ http://localhost:3000/_next/static/chunks/node_modules_1vboubi._.js:5423
[ 2639455ms] [ERROR] WebSocket connection to 'wss://gtqsjkwpdvbrbtelweia.supabase.co/realtime/v1/websocket?apikey=sb_publishable_LJuUhPGK5vnRLFBWgYnHMg_ooBVYSE1&vsn=2.0.0' failed: Error in connection establishment: net::ERR_INTERNET_DISCONNECTED @ http://localhost:3000/_next/static/chunks/node_modules_1vboubi._.js:5423
[ 2649466ms] [ERROR] WebSocket connection to 'wss://gtqsjkwpdvbrbtelweia.supabase.co/realtime/v1/websocket?apikey=sb_publishable_LJuUhPGK5vnRLFBWgYnHMg_ooBVYSE1&vsn=2.0.0' failed: Error in connection establishment: net::ERR_INTERNET_DISCONNECTED @ http://localhost:3000/_next/static/chunks/node_modules_1vboubi._.js:5423
[ 2659491ms] [ERROR] WebSocket connection to 'wss://gtqsjkwpdvbrbtelweia.supabase.co/realtime/v1/websocket?apikey=sb_publishable_LJuUhPGK5vnRLFBWgYnHMg_ooBVYSE1&vsn=2.0.0' failed: Error in connection establishment: net::ERR_INTERNET_DISCONNECTED @ http://localhost:3000/_next/static/chunks/node_modules_1vboubi._.js:5423
[ 2669531ms] [ERROR] WebSocket connection to 'wss://gtqsjkwpdvbrbtelweia.supabase.co/realtime/v1/websocket?apikey=sb_publishable_LJuUhPGK5vnRLFBWgYnHMg_ooBVYSE1&vsn=2.0.0' failed: Error in connection establishment: net::ERR_INTERNET_DISCONNECTED @ http://localhost:3000/_next/static/chunks/node_modules_1vboubi._.js:5423
[ 2679580ms] [ERROR] WebSocket connection to 'wss://gtqsjkwpdvbrbtelweia.supabase.co/realtime/v1/websocket?apikey=sb_publishable_LJuUhPGK5vnRLFBWgYnHMg_ooBVYSE1&vsn=2.0.0' failed: Error in connection establishment: net::ERR_INTERNET_DISCONNECTED @ http://localhost:3000/_next/static/chunks/node_modules_1vboubi._.js:5423
[ 2689633ms] [ERROR] WebSocket connection to 'wss://gtqsjkwpdvbrbtelweia.supabase.co/realtime/v1/websocket?apikey=sb_publishable_LJuUhPGK5vnRLFBWgYnHMg_ooBVYSE1&vsn=2.0.0' failed: Error in connection establishment: net::ERR_INTERNET_DISCONNECTED @ http://localhost:3000/_next/static/chunks/node_modules_1vboubi._.js:5423
[ 2699816ms] [ERROR] WebSocket connection to 'wss://gtqsjkwpdvbrbtelweia.supabase.co/realtime/v1/websocket?apikey=sb_publishable_LJuUhPGK5vnRLFBWgYnHMg_ooBVYSE1&vsn=2.0.0' failed: Error in connection establishment: net::ERR_INTERNET_DISCONNECTED @ http://localhost:3000/_next/static/chunks/node_modules_1vboubi._.js:5423
[ 2709832ms] [ERROR] WebSocket connection to 'wss://gtqsjkwpdvbrbtelweia.supabase.co/realtime/v1/websocket?apikey=sb_publishable_LJuUhPGK5vnRLFBWgYnHMg_ooBVYSE1&vsn=2.0.0' failed: Error in connection establishment: net::ERR_INTERNET_DISCONNECTED @ http://localhost:3000/_next/static/chunks/node_modules_1vboubi._.js:5423
[ 2719842ms] [ERROR] WebSocket connection to 'wss://gtqsjkwpdvbrbtelweia.supabase.co/realtime/v1/websocket?apikey=sb_publishable_LJuUhPGK5vnRLFBWgYnHMg_ooBVYSE1&vsn=2.0.0' failed: Error in connection establishment: net::ERR_INTERNET_DISCONNECTED @ http://localhost:3000/_next/static/chunks/node_modules_1vboubi._.js:5423
[ 2729852ms] [ERROR] WebSocket connection to 'wss://gtqsjkwpdvbrbtelweia.supabase.co/realtime/v1/websocket?apikey=sb_publishable_LJuUhPGK5vnRLFBWgYnHMg_ooBVYSE1&vsn=2.0.0' failed: Error in connection establishment: net::ERR_INTERNET_DISCONNECTED @ http://localhost:3000/_next/static/chunks/node_modules_1vboubi._.js:5423
[ 2739865ms] [ERROR] WebSocket connection to 'wss://gtqsjkwpdvbrbtelweia.supabase.co/realtime/v1/websocket?apikey=sb_publishable_LJuUhPGK5vnRLFBWgYnHMg_ooBVYSE1&vsn=2.0.0' failed: Error in connection establishment: net::ERR_INTERNET_DISCONNECTED @ http://localhost:3000/_next/static/chunks/node_modules_1vboubi._.js:5423
[ 2749874ms] [ERROR] WebSocket connection to 'wss://gtqsjkwpdvbrbtelweia.supabase.co/realtime/v1/websocket?apikey=sb_publishable_LJuUhPGK5vnRLFBWgYnHMg_ooBVYSE1&vsn=2.0.0' failed: Error in connection establishment: net::ERR_INTERNET_DISCONNECTED @ http://localhost:3000/_next/static/chunks/node_modules_1vboubi._.js:5423
[ 2759886ms] [ERROR] WebSocket connection to 'wss://gtqsjkwpdvbrbtelweia.supabase.co/realtime/v1/websocket?apikey=sb_publishable_LJuUhPGK5vnRLFBWgYnHMg_ooBVYSE1&vsn=2.0.0' failed: Error in connection establishment: net::ERR_INTERNET_DISCONNECTED @ http://localhost:3000/_next/static/chunks/node_modules_1vboubi._.js:5423
[ 2769907ms] [ERROR] WebSocket connection to 'wss://gtqsjkwpdvbrbtelweia.supabase.co/realtime/v1/websocket?apikey=sb_publishable_LJuUhPGK5vnRLFBWgYnHMg_ooBVYSE1&vsn=2.0.0' failed: Error in connection establishment: net::ERR_INTERNET_DISCONNECTED @ http://localhost:3000/_next/static/chunks/node_modules_1vboubi._.js:5423
[ 2779926ms] [ERROR] WebSocket connection to 'wss://gtqsjkwpdvbrbtelweia.supabase.co/realtime/v1/websocket?apikey=sb_publishable_LJuUhPGK5vnRLFBWgYnHMg_ooBVYSE1&vsn=2.0.0' failed: Error in connection establishment: net::ERR_INTERNET_DISCONNECTED @ http://localhost:3000/_next/static/chunks/node_modules_1vboubi._.js:5423
[ 2789967ms] [ERROR] WebSocket connection to 'wss://gtqsjkwpdvbrbtelweia.supabase.co/realtime/v1/websocket?apikey=sb_publishable_LJuUhPGK5vnRLFBWgYnHMg_ooBVYSE1&vsn=2.0.0' failed: Error in connection establishment: net::ERR_INTERNET_DISCONNECTED @ http://localhost:3000/_next/static/chunks/node_modules_1vboubi._.js:5423
[ 2800056ms] [ERROR] WebSocket connection to 'wss://gtqsjkwpdvbrbtelweia.supabase.co/realtime/v1/websocket?apikey=sb_publishable_LJuUhPGK5vnRLFBWgYnHMg_ooBVYSE1&vsn=2.0.0' failed: Error in connection establishment: net::ERR_INTERNET_DISCONNECTED @ http://localhost:3000/_next/static/chunks/node_modules_1vboubi._.js:5423
[ 2810191ms] [ERROR] WebSocket connection to 'wss://gtqsjkwpdvbrbtelweia.supabase.co/realtime/v1/websocket?apikey=sb_publishable_LJuUhPGK5vnRLFBWgYnHMg_ooBVYSE1&vsn=2.0.0' failed: Error in connection establishment: net::ERR_INTERNET_DISCONNECTED @ http://localhost:3000/_next/static/chunks/node_modules_1vboubi._.js:5423
[ 2820477ms] [ERROR] WebSocket connection to 'wss://gtqsjkwpdvbrbtelweia.supabase.co/realtime/v1/websocket?apikey=sb_publishable_LJuUhPGK5vnRLFBWgYnHMg_ooBVYSE1&vsn=2.0.0' failed: Error in connection establishment: net::ERR_INTERNET_DISCONNECTED @ http://localhost:3000/_next/static/chunks/node_modules_1vboubi._.js:5423
[ 2830497ms] [ERROR] WebSocket connection to 'wss://gtqsjkwpdvbrbtelweia.supabase.co/realtime/v1/websocket?apikey=sb_publishable_LJuUhPGK5vnRLFBWgYnHMg_ooBVYSE1&vsn=2.0.0' failed: Error in connection establishment: net::ERR_INTERNET_DISCONNECTED @ http://localhost:3000/_next/static/chunks/node_modules_1vboubi._.js:5423
[ 2840507ms] [ERROR] WebSocket connection to 'wss://gtqsjkwpdvbrbtelweia.supabase.co/realtime/v1/websocket?apikey=sb_publishable_LJuUhPGK5vnRLFBWgYnHMg_ooBVYSE1&vsn=2.0.0' failed: Error in connection establishment: net::ERR_INTERNET_DISCONNECTED @ http://localhost:3000/_next/static/chunks/node_modules_1vboubi._.js:5423
[ 2850514ms] [ERROR] WebSocket connection to 'wss://gtqsjkwpdvbrbtelweia.supabase.co/realtime/v1/websocket?apikey=sb_publishable_LJuUhPGK5vnRLFBWgYnHMg_ooBVYSE1&vsn=2.0.0' failed: Error in connection establishment: net::ERR_INTERNET_DISCONNECTED @ http://localhost:3000/_next/static/chunks/node_modules_1vboubi._.js:5423
[ 2860523ms] [ERROR] WebSocket connection to 'wss://gtqsjkwpdvbrbtelweia.supabase.co/realtime/v1/websocket?apikey=sb_publishable_LJuUhPGK5vnRLFBWgYnHMg_ooBVYSE1&vsn=2.0.0' failed: Error in connection establishment: net::ERR_INTERNET_DISCONNECTED @ http://localhost:3000/_next/static/chunks/node_modules_1vboubi._.js:5423
[ 2870530ms] [ERROR] WebSocket connection to 'wss://gtqsjkwpdvbrbtelweia.supabase.co/realtime/v1/websocket?apikey=sb_publishable_LJuUhPGK5vnRLFBWgYnHMg_ooBVYSE1&vsn=2.0.0' failed: Error in connection establishment: net::ERR_INTERNET_DISCONNECTED @ http://localhost:3000/_next/static/chunks/node_modules_1vboubi._.js:5423
[ 2880542ms] [ERROR] WebSocket connection to 'wss://gtqsjkwpdvbrbtelweia.supabase.co/realtime/v1/websocket?apikey=sb_publishable_LJuUhPGK5vnRLFBWgYnHMg_ooBVYSE1&vsn=2.0.0' failed: Error in connection establishment: net::ERR_INTERNET_DISCONNECTED @ http://localhost:3000/_next/static/chunks/node_modules_1vboubi._.js:5423
[ 2890559ms] [ERROR] WebSocket connection to 'wss://gtqsjkwpdvbrbtelweia.supabase.co/realtime/v1/websocket?apikey=sb_publishable_LJuUhPGK5vnRLFBWgYnHMg_ooBVYSE1&vsn=2.0.0' failed: Error in connection establishment: net::ERR_INTERNET_DISCONNECTED @ http://localhost:3000/_next/static/chunks/node_modules_1vboubi._.js:5423
[ 2900581ms] [ERROR] WebSocket connection to 'wss://gtqsjkwpdvbrbtelweia.supabase.co/realtime/v1/websocket?apikey=sb_publishable_LJuUhPGK5vnRLFBWgYnHMg_ooBVYSE1&vsn=2.0.0' failed: Error in connection establishment: net::ERR_INTERNET_DISCONNECTED @ http://localhost:3000/_next/static/chunks/node_modules_1vboubi._.js:5423
[ 2910636ms] [ERROR] WebSocket connection to 'wss://gtqsjkwpdvbrbtelweia.supabase.co/realtime/v1/websocket?apikey=sb_publishable_LJuUhPGK5vnRLFBWgYnHMg_ooBVYSE1&vsn=2.0.0' failed: Error in connection establishment: net::ERR_INTERNET_DISCONNECTED @ http://localhost:3000/_next/static/chunks/node_modules_1vboubi._.js:5423
[ 2920672ms] [ERROR] WebSocket connection to 'wss://gtqsjkwpdvbrbtelweia.supabase.co/realtime/v1/websocket?apikey=sb_publishable_LJuUhPGK5vnRLFBWgYnHMg_ooBVYSE1&vsn=2.0.0' failed: Error in connection establishment: net::ERR_INTERNET_DISCONNECTED @ http://localhost:3000/_next/static/chunks/node_modules_1vboubi._.js:5423
[ 2930720ms] [ERROR] WebSocket connection to 'wss://gtqsjkwpdvbrbtelweia.supabase.co/realtime/v1/websocket?apikey=sb_publishable_LJuUhPGK5vnRLFBWgYnHMg_ooBVYSE1&vsn=2.0.0' failed: Error in connection establishment: net::ERR_INTERNET_DISCONNECTED @ http://localhost:3000/_next/static/chunks/node_modules_1vboubi._.js:5423
[ 2940896ms] [ERROR] WebSocket connection to 'wss://gtqsjkwpdvbrbtelweia.supabase.co/realtime/v1/websocket?apikey=sb_publishable_LJuUhPGK5vnRLFBWgYnHMg_ooBVYSE1&vsn=2.0.0' failed: Error in connection establishment: net::ERR_INTERNET_DISCONNECTED @ http://localhost:3000/_next/static/chunks/node_modules_1vboubi._.js:5423
[ 2950911ms] [ERROR] WebSocket connection to 'wss://gtqsjkwpdvbrbtelweia.supabase.co/realtime/v1/websocket?apikey=sb_publishable_LJuUhPGK5vnRLFBWgYnHMg_ooBVYSE1&vsn=2.0.0' failed: Error in connection establishment: net::ERR_INTERNET_DISCONNECTED @ http://localhost:3000/_next/static/chunks/node_modules_1vboubi._.js:5423
[ 2960930ms] [ERROR] WebSocket connection to 'wss://gtqsjkwpdvbrbtelweia.supabase.co/realtime/v1/websocket?apikey=sb_publishable_LJuUhPGK5vnRLFBWgYnHMg_ooBVYSE1&vsn=2.0.0' failed: Error in connection establishment: net::ERR_INTERNET_DISCONNECTED @ http://localhost:3000/_next/static/chunks/node_modules_1vboubi._.js:5423
[ 2970939ms] [ERROR] WebSocket connection to 'wss://gtqsjkwpdvbrbtelweia.supabase.co/realtime/v1/websocket?apikey=sb_publishable_LJuUhPGK5vnRLFBWgYnHMg_ooBVYSE1&vsn=2.0.0' failed: Error in connection establishment: net::ERR_INTERNET_DISCONNECTED @ http://localhost:3000/_next/static/chunks/node_modules_1vboubi._.js:5423
[ 2980946ms] [ERROR] WebSocket connection to 'wss://gtqsjkwpdvbrbtelweia.supabase.co/realtime/v1/websocket?apikey=sb_publishable_LJuUhPGK5vnRLFBWgYnHMg_ooBVYSE1&vsn=2.0.0' failed: Error in connection establishment: net::ERR_INTERNET_DISCONNECTED @ http://localhost:3000/_next/static/chunks/node_modules_1vboubi._.js:5423
[ 2990956ms] [ERROR] WebSocket connection to 'wss://gtqsjkwpdvbrbtelweia.supabase.co/realtime/v1/websocket?apikey=sb_publishable_LJuUhPGK5vnRLFBWgYnHMg_ooBVYSE1&vsn=2.0.0' failed: Error in connection establishment: net::ERR_INTERNET_DISCONNECTED @ http://localhost:3000/_next/static/chunks/node_modules_1vboubi._.js:5423
[ 3000971ms] [ERROR] WebSocket connection to 'wss://gtqsjkwpdvbrbtelweia.supabase.co/realtime/v1/websocket?apikey=sb_publishable_LJuUhPGK5vnRLFBWgYnHMg_ooBVYSE1&vsn=2.0.0' failed: Error in connection establishment: net::ERR_INTERNET_DISCONNECTED @ http://localhost:3000/_next/static/chunks/node_modules_1vboubi._.js:5423
[ 3010994ms] [ERROR] WebSocket connection to 'wss://gtqsjkwpdvbrbtelweia.supabase.co/realtime/v1/websocket?apikey=sb_publishable_LJuUhPGK5vnRLFBWgYnHMg_ooBVYSE1&vsn=2.0.0' failed: Error in connection establishment: net::ERR_INTERNET_DISCONNECTED @ http://localhost:3000/_next/static/chunks/node_modules_1vboubi._.js:5423
[ 3021027ms] [ERROR] WebSocket connection to 'wss://gtqsjkwpdvbrbtelweia.supabase.co/realtime/v1/websocket?apikey=sb_publishable_LJuUhPGK5vnRLFBWgYnHMg_ooBVYSE1&vsn=2.0.0' failed: Error in connection establishment: net::ERR_INTERNET_DISCONNECTED @ http://localhost:3000/_next/static/chunks/node_modules_1vboubi._.js:5423
[ 3031064ms] [ERROR] WebSocket connection to 'wss://gtqsjkwpdvbrbtelweia.supabase.co/realtime/v1/websocket?apikey=sb_publishable_LJuUhPGK5vnRLFBWgYnHMg_ooBVYSE1&vsn=2.0.0' failed: Error in connection establishment: net::ERR_INTERNET_DISCONNECTED @ http://localhost:3000/_next/static/chunks/node_modules_1vboubi._.js:5423
[ 3041106ms] [ERROR] WebSocket connection to 'wss://gtqsjkwpdvbrbtelweia.supabase.co/realtime/v1/websocket?apikey=sb_publishable_LJuUhPGK5vnRLFBWgYnHMg_ooBVYSE1&vsn=2.0.0' failed: Error in connection establishment: net::ERR_INTERNET_DISCONNECTED @ http://localhost:3000/_next/static/chunks/node_modules_1vboubi._.js:5423
[ 3051244ms] [ERROR] WebSocket connection to 'wss://gtqsjkwpdvbrbtelweia.supabase.co/realtime/v1/websocket?apikey=sb_publishable_LJuUhPGK5vnRLFBWgYnHMg_ooBVYSE1&vsn=2.0.0' failed: Error in connection establishment: net::ERR_INTERNET_DISCONNECTED @ http://localhost:3000/_next/static/chunks/node_modules_1vboubi._.js:5423
[ 3061518ms] [ERROR] WebSocket connection to 'wss://gtqsjkwpdvbrbtelweia.supabase.co/realtime/v1/websocket?apikey=sb_publishable_LJuUhPGK5vnRLFBWgYnHMg_ooBVYSE1&vsn=2.0.0' failed: Error in connection establishment: net::ERR_INTERNET_DISCONNECTED @ http://localhost:3000/_next/static/chunks/node_modules_1vboubi._.js:5423
[ 3071526ms] [ERROR] WebSocket connection to 'wss://gtqsjkwpdvbrbtelweia.supabase.co/realtime/v1/websocket?apikey=sb_publishable_LJuUhPGK5vnRLFBWgYnHMg_ooBVYSE1&vsn=2.0.0' failed: Error in connection establishment: net::ERR_INTERNET_DISCONNECTED @ http://localhost:3000/_next/static/chunks/node_modules_1vboubi._.js:5423
[ 3081540ms] [ERROR] WebSocket connection to 'wss://gtqsjkwpdvbrbtelweia.supabase.co/realtime/v1/websocket?apikey=sb_publishable_LJuUhPGK5vnRLFBWgYnHMg_ooBVYSE1&vsn=2.0.0' failed: Error in connection establishment: net::ERR_INTERNET_DISCONNECTED @ http://localhost:3000/_next/static/chunks/node_modules_1vboubi._.js:5423
[ 3091555ms] [ERROR] WebSocket connection to 'wss://gtqsjkwpdvbrbtelweia.supabase.co/realtime/v1/websocket?apikey=sb_publishable_LJuUhPGK5vnRLFBWgYnHMg_ooBVYSE1&vsn=2.0.0' failed: Error in connection establishment: net::ERR_INTERNET_DISCONNECTED @ http://localhost:3000/_next/static/chunks/node_modules_1vboubi._.js:5423
[ 3101567ms] [ERROR] WebSocket connection to 'wss://gtqsjkwpdvbrbtelweia.supabase.co/realtime/v1/websocket?apikey=sb_publishable_LJuUhPGK5vnRLFBWgYnHMg_ooBVYSE1&vsn=2.0.0' failed: Error in connection establishment: net::ERR_INTERNET_DISCONNECTED @ http://localhost:3000/_next/static/chunks/node_modules_1vboubi._.js:5423
[ 3111577ms] [ERROR] WebSocket connection to 'wss://gtqsjkwpdvbrbtelweia.supabase.co/realtime/v1/websocket?apikey=sb_publishable_LJuUhPGK5vnRLFBWgYnHMg_ooBVYSE1&vsn=2.0.0' failed: Error in connection establishment: net::ERR_INTERNET_DISCONNECTED @ http://localhost:3000/_next/static/chunks/node_modules_1vboubi._.js:5423
[ 3121596ms] [ERROR] WebSocket connection to 'wss://gtqsjkwpdvbrbtelweia.supabase.co/realtime/v1/websocket?apikey=sb_publishable_LJuUhPGK5vnRLFBWgYnHMg_ooBVYSE1&vsn=2.0.0' failed: Error in connection establishment: net::ERR_INTERNET_DISCONNECTED @ http://localhost:3000/_next/static/chunks/node_modules_1vboubi._.js:5423
[ 3131612ms] [ERROR] WebSocket connection to 'wss://gtqsjkwpdvbrbtelweia.supabase.co/realtime/v1/websocket?apikey=sb_publishable_LJuUhPGK5vnRLFBWgYnHMg_ooBVYSE1&vsn=2.0.0' failed: Error in connection establishment: net::ERR_INTERNET_DISCONNECTED @ http://localhost:3000/_next/static/chunks/node_modules_1vboubi._.js:5423
[ 3141645ms] [ERROR] WebSocket connection to 'wss://gtqsjkwpdvbrbtelweia.supabase.co/realtime/v1/websocket?apikey=sb_publishable_LJuUhPGK5vnRLFBWgYnHMg_ooBVYSE1&vsn=2.0.0' failed: Error in connection establishment: net::ERR_INTERNET_DISCONNECTED @ http://localhost:3000/_next/static/chunks/node_modules_1vboubi._.js:5423
[ 3151675ms] [ERROR] WebSocket connection to 'wss://gtqsjkwpdvbrbtelweia.supabase.co/realtime/v1/websocket?apikey=sb_publishable_LJuUhPGK5vnRLFBWgYnHMg_ooBVYSE1&vsn=2.0.0' failed: Error in connection establishment: net::ERR_INTERNET_DISCONNECTED @ http://localhost:3000/_next/static/chunks/node_modules_1vboubi._.js:5423
[ 3161730ms] [ERROR] WebSocket connection to 'wss://gtqsjkwpdvbrbtelweia.supabase.co/realtime/v1/websocket?apikey=sb_publishable_LJuUhPGK5vnRLFBWgYnHMg_ooBVYSE1&vsn=2.0.0' failed: Error in connection establishment: net::ERR_INTERNET_DISCONNECTED @ http://localhost:3000/_next/static/chunks/node_modules_1vboubi._.js:5423
[ 3171841ms] [ERROR] WebSocket connection to 'wss://gtqsjkwpdvbrbtelweia.supabase.co/realtime/v1/websocket?apikey=sb_publishable_LJuUhPGK5vnRLFBWgYnHMg_ooBVYSE1&vsn=2.0.0' failed: Error in connection establishment: net::ERR_INTERNET_DISCONNECTED @ http://localhost:3000/_next/static/chunks/node_modules_1vboubi._.js:5423
[ 3182095ms] [ERROR] WebSocket connection to 'wss://gtqsjkwpdvbrbtelweia.supabase.co/realtime/v1/websocket?apikey=sb_publishable_LJuUhPGK5vnRLFBWgYnHMg_ooBVYSE1&vsn=2.0.0' failed: Error in connection establishment: net::ERR_INTERNET_DISCONNECTED @ http://localhost:3000/_next/static/chunks/node_modules_1vboubi._.js:5423
[ 3192105ms] [ERROR] WebSocket connection to 'wss://gtqsjkwpdvbrbtelweia.supabase.co/realtime/v1/websocket?apikey=sb_publishable_LJuUhPGK5vnRLFBWgYnHMg_ooBVYSE1&vsn=2.0.0' failed: Error in connection establishment: net::ERR_INTERNET_DISCONNECTED @ http://localhost:3000/_next/static/chunks/node_modules_1vboubi._.js:5423
[ 3202114ms] [ERROR] WebSocket connection to 'wss://gtqsjkwpdvbrbtelweia.supabase.co/realtime/v1/websocket?apikey=sb_publishable_LJuUhPGK5vnRLFBWgYnHMg_ooBVYSE1&vsn=2.0.0' failed: Error in connection establishment: net::ERR_INTERNET_DISCONNECTED @ http://localhost:3000/_next/static/chunks/node_modules_1vboubi._.js:5423
[ 3212124ms] [ERROR] WebSocket connection to 'wss://gtqsjkwpdvbrbtelweia.supabase.co/realtime/v1/websocket?apikey=sb_publishable_LJuUhPGK5vnRLFBWgYnHMg_ooBVYSE1&vsn=2.0.0' failed: Error in connection establishment: net::ERR_INTERNET_DISCONNECTED @ http://localhost:3000/_next/static/chunks/node_modules_1vboubi._.js:5423
[ 3222136ms] [ERROR] WebSocket connection to 'wss://gtqsjkwpdvbrbtelweia.supabase.co/realtime/v1/websocket?apikey=sb_publishable_LJuUhPGK5vnRLFBWgYnHMg_ooBVYSE1&vsn=2.0.0' failed: Error in connection establishment: net::ERR_INTERNET_DISCONNECTED @ http://localhost:3000/_next/static/chunks/node_modules_1vboubi._.js:5423
[ 3232145ms] [ERROR] WebSocket connection to 'wss://gtqsjkwpdvbrbtelweia.supabase.co/realtime/v1/websocket?apikey=sb_publishable_LJuUhPGK5vnRLFBWgYnHMg_ooBVYSE1&vsn=2.0.0' failed: Error in connection establishment: net::ERR_INTERNET_DISCONNECTED @ http://localhost:3000/_next/static/chunks/node_modules_1vboubi._.js:5423
[ 3242154ms] [ERROR] WebSocket connection to 'wss://gtqsjkwpdvbrbtelweia.supabase.co/realtime/v1/websocket?apikey=sb_publishable_LJuUhPGK5vnRLFBWgYnHMg_ooBVYSE1&vsn=2.0.0' failed: Error in connection establishment: net::ERR_INTERNET_DISCONNECTED @ http://localhost:3000/_next/static/chunks/node_modules_1vboubi._.js:5423
[ 3252166ms] [ERROR] WebSocket connection to 'wss://gtqsjkwpdvbrbtelweia.supabase.co/realtime/v1/websocket?apikey=sb_publishable_LJuUhPGK5vnRLFBWgYnHMg_ooBVYSE1&vsn=2.0.0' failed: Error in connection establishment: net::ERR_INTERNET_DISCONNECTED @ http://localhost:3000/_next/static/chunks/node_modules_1vboubi._.js:5423
[ 3262187ms] [ERROR] WebSocket connection to 'wss://gtqsjkwpdvbrbtelweia.supabase.co/realtime/v1/websocket?apikey=sb_publishable_LJuUhPGK5vnRLFBWgYnHMg_ooBVYSE1&vsn=2.0.0' failed: Error in connection establishment: net::ERR_INTERNET_DISCONNECTED @ http://localhost:3000/_next/static/chunks/node_modules_1vboubi._.js:5423
[ 3272226ms] [ERROR] WebSocket connection to 'wss://gtqsjkwpdvbrbtelweia.supabase.co/realtime/v1/websocket?apikey=sb_publishable_LJuUhPGK5vnRLFBWgYnHMg_ooBVYSE1&vsn=2.0.0' failed: Error in connection establishment: net::ERR_INTERNET_DISCONNECTED @ http://localhost:3000/_next/static/chunks/node_modules_1vboubi._.js:5423
[ 3282310ms] [ERROR] WebSocket connection to 'wss://gtqsjkwpdvbrbtelweia.supabase.co/realtime/v1/websocket?apikey=sb_publishable_LJuUhPGK5vnRLFBWgYnHMg_ooBVYSE1&vsn=2.0.0' failed: Error in connection establishment: net::ERR_INTERNET_DISCONNECTED @ http://localhost:3000/_next/static/chunks/node_modules_1vboubi._.js:5423
[ 3292471ms] [ERROR] WebSocket connection to 'wss://gtqsjkwpdvbrbtelweia.supabase.co/realtime/v1/websocket?apikey=sb_publishable_LJuUhPGK5vnRLFBWgYnHMg_ooBVYSE1&vsn=2.0.0' failed: Error in connection establishment: net::ERR_INTERNET_DISCONNECTED @ http://localhost:3000/_next/static/chunks/node_modules_1vboubi._.js:5423
[ 3302761ms] [ERROR] WebSocket connection to 'wss://gtqsjkwpdvbrbtelweia.supabase.co/realtime/v1/websocket?apikey=sb_publishable_LJuUhPGK5vnRLFBWgYnHMg_ooBVYSE1&vsn=2.0.0' failed: Error in connection establishment: net::ERR_INTERNET_DISCONNECTED @ http://localhost:3000/_next/static/chunks/node_modules_1vboubi._.js:5423
[ 3312776ms] [ERROR] WebSocket connection to 'wss://gtqsjkwpdvbrbtelweia.supabase.co/realtime/v1/websocket?apikey=sb_publishable_LJuUhPGK5vnRLFBWgYnHMg_ooBVYSE1&vsn=2.0.0' failed: Error in connection establishment: net::ERR_INTERNET_DISCONNECTED @ http://localhost:3000/_next/static/chunks/node_modules_1vboubi._.js:5423
[ 3322788ms] [ERROR] WebSocket connection to 'wss://gtqsjkwpdvbrbtelweia.supabase.co/realtime/v1/websocket?apikey=sb_publishable_LJuUhPGK5vnRLFBWgYnHMg_ooBVYSE1&vsn=2.0.0' failed: Error in connection establishment: net::ERR_INTERNET_DISCONNECTED @ http://localhost:3000/_next/static/chunks/node_modules_1vboubi._.js:5423
[ 3332798ms] [ERROR] WebSocket connection to 'wss://gtqsjkwpdvbrbtelweia.supabase.co/realtime/v1/websocket?apikey=sb_publishable_LJuUhPGK5vnRLFBWgYnHMg_ooBVYSE1&vsn=2.0.0' failed: Error in connection establishment: net::ERR_INTERNET_DISCONNECTED @ http://localhost:3000/_next/static/chunks/node_modules_1vboubi._.js:5423
[ 3342807ms] [ERROR] WebSocket connection to 'wss://gtqsjkwpdvbrbtelweia.supabase.co/realtime/v1/websocket?apikey=sb_publishable_LJuUhPGK5vnRLFBWgYnHMg_ooBVYSE1&vsn=2.0.0' failed: Error in connection establishment: net::ERR_INTERNET_DISCONNECTED @ http://localhost:3000/_next/static/chunks/node_modules_1vboubi._.js:5423
[ 3352816ms] [ERROR] WebSocket connection to 'wss://gtqsjkwpdvbrbtelweia.supabase.co/realtime/v1/websocket?apikey=sb_publishable_LJuUhPGK5vnRLFBWgYnHMg_ooBVYSE1&vsn=2.0.0' failed: Error in connection establishment: net::ERR_INTERNET_DISCONNECTED @ http://localhost:3000/_next/static/chunks/node_modules_1vboubi._.js:5423
[ 3362832ms] [ERROR] WebSocket connection to 'wss://gtqsjkwpdvbrbtelweia.supabase.co/realtime/v1/websocket?apikey=sb_publishable_LJuUhPGK5vnRLFBWgYnHMg_ooBVYSE1&vsn=2.0.0' failed: Error in connection establishment: net::ERR_INTERNET_DISCONNECTED @ http://localhost:3000/_next/static/chunks/node_modules_1vboubi._.js:5423
[ 3372850ms] [ERROR] WebSocket connection to 'wss://gtqsjkwpdvbrbtelweia.supabase.co/realtime/v1/websocket?apikey=sb_publishable_LJuUhPGK5vnRLFBWgYnHMg_ooBVYSE1&vsn=2.0.0' failed: Error in connection establishment: net::ERR_INTERNET_DISCONNECTED @ http://localhost:3000/_next/static/chunks/node_modules_1vboubi._.js:5423
[ 3382881ms] [ERROR] WebSocket connection to 'wss://gtqsjkwpdvbrbtelweia.supabase.co/realtime/v1/websocket?apikey=sb_publishable_LJuUhPGK5vnRLFBWgYnHMg_ooBVYSE1&vsn=2.0.0' failed: Error in connection establishment: net::ERR_INTERNET_DISCONNECTED @ http://localhost:3000/_next/static/chunks/node_modules_1vboubi._.js:5423
[ 3392925ms] [ERROR] WebSocket connection to 'wss://gtqsjkwpdvbrbtelweia.supabase.co/realtime/v1/websocket?apikey=sb_publishable_LJuUhPGK5vnRLFBWgYnHMg_ooBVYSE1&vsn=2.0.0' failed: Error in connection establishment: net::ERR_INTERNET_DISCONNECTED @ http://localhost:3000/_next/static/chunks/node_modules_1vboubi._.js:5423
[ 3403018ms] [ERROR] WebSocket connection to 'wss://gtqsjkwpdvbrbtelweia.supabase.co/realtime/v1/websocket?apikey=sb_publishable_LJuUhPGK5vnRLFBWgYnHMg_ooBVYSE1&vsn=2.0.0' failed: Error in connection establishment: net::ERR_INTERNET_DISCONNECTED @ http://localhost:3000/_next/static/chunks/node_modules_1vboubi._.js:5423
[ 3413079ms] [ERROR] WebSocket connection to 'wss://gtqsjkwpdvbrbtelweia.supabase.co/realtime/v1/websocket?apikey=sb_publishable_LJuUhPGK5vnRLFBWgYnHMg_ooBVYSE1&vsn=2.0.0' failed: Error in connection establishment: net::ERR_INTERNET_DISCONNECTED @ http://localhost:3000/_next/static/chunks/node_modules_1vboubi._.js:5423
